// Jest Snapshot v1, https://goo.gl/fbAQLP

exports[`renders 1`] = `
<div>
  <div
    className="dimensions"
  >
    <div
      className="formGroup form-group form-group-sm"
    >
      <span
        className="input-group"
      >
        <input
          className="form-control"
          disabled={false}
          onChange={[Function]}
          placeholder="Auto"
          type="number"
          value={100}
        />
        <span
          className="help-block"
        >
          Width
        </span>
      </span>
    </div>
    <div
      className="cross"
    >
      <svg
        aria-hidden="true"
        focusable="false"
        height="20"
        viewBox="0 0 20 20"
        width="20"
      >
        <path
          d="M14.348 14.849c-0.469 0.469-1.229 0.469-1.697 0l-2.651-3.030-2.651 3.029c-0.469 0.469-1.229 0.469-1.697 0-0.469-0.469-0.469-1.229 0-1.697l2.758-3.15-2.759-3.152c-0.469-0.469-0.469-1.228 0-1.697s1.228-0.469 1.697 0l2.652 3.031 2.651-3.031c0.469-0.469 1.228-0.469 1.697 0s0.469 1.229 0 1.697l-2.758 3.152 2.758 3.15c0.469 0.469 0.469 1.229 0 1.698z"
        />
      </svg>
    </div>
    <div
      className="formGroup form-group form-group-sm"
    >
      <span
        className="input-group"
      >
        <input
          className="form-control"
          disabled={false}
          onChange={[Function]}
          placeholder="Auto"
          type="number"
          value={100}
        />
        <span
          className="help-block"
        >
          Height
        </span>
      </span>
    </div>
  </div>
</div>
`;
